../Core/Src/main.c:76:1:__io_putchar	16	static
../Core/Src/main.c:93:5:main	6384	static
../Core/Src/main.c:323:6:SystemClock_Config	80	static
../Core/Src/main.c:367:13:MX_UART4_Init	8	static
../Core/Src/main.c:400:13:MX_USART1_UART_Init	8	static
../Core/Src/main.c:433:13:MX_USART2_UART_Init	8	static
../Core/Src/main.c:466:13:MX_USART3_UART_Init	8	static
../Core/Src/main.c:497:13:MX_DMA_Init	16	static
../Core/Src/main.c:515:13:MX_GPIO_Init	48	static
../Core/Src/main.c:551:6:Error_Handler	4	static,ignoring_inline_asm
