../Core/Src/main.c:78:1:__io_putchar	16	static
../Core/Src/main.c:95:5:main	8280	static
../Core/Src/main.c:665:6:SystemClock_Config	80	static
../Core/Src/main.c:709:13:MX_UART4_Init	8	static
../Core/Src/main.c:742:13:MX_USART1_UART_Init	8	static
../Core/Src/main.c:775:13:MX_USART2_UART_Init	8	static
../Core/Src/main.c:808:13:MX_USART3_UART_Init	8	static
../Core/Src/main.c:839:13:MX_DMA_Init	16	static
../Core/Src/main.c:857:13:MX_GPIO_Init	48	static
../Core/Src/main.c:893:6:Error_Handler	4	static,ignoring_inline_asm
